---
source: crates/module-graph/tests/css_test.rs
expression: "generate_graph_for_file(sandbox.path(), \"styles.css\")"
---
{
    1: Module {
        exports: [],
        fragment: None,
        id: 1,
        imports: [],
        package_name: None,
        path: "/root/styles.css",
        query: None,
        source: CssModule {
            exports: {},
            source: "@import \"./other.css\";\n\n.container {\n    display: flex;\n}\n\n.button {\n    background-color: black;\n}\n\n.button:hover {\n    background-color: white;\n}\n",
        },
    },
}
