---
source: crates/module-graph/tests/yaml_test.rs
expression: "generate_graph_for_file(sandbox.path(), \"object.yaml\")"
---
{
    1: Module {
        exports: [
            Export {
                kind: Native,
                module_id: None,
                source: None,
                span: None,
                symbols: [
                    ExportedSymbol {
                        kind: Default,
                        symbol_id: None,
                        name: "default",
                    },
                    ExportedSymbol {
                        kind: Value,
                        symbol_id: None,
                        name: "a",
                    },
                    ExportedSymbol {
                        kind: Value,
                        symbol_id: None,
                        name: "b",
                    },
                    ExportedSymbol {
                        kind: Value,
                        symbol_id: None,
                        name: "c",
                    },
                    ExportedSymbol {
                        kind: Value,
                        symbol_id: None,
                        name: "d",
                    },
                ],
                type_only: false,
            },
        ],
        fragment: None,
        id: 1,
        imports: [],
        package_name: None,
        path: "/root/object.yaml",
        query: None,
        source: YamlModule {
            data: Mapping {
                "a": Number(123),
                "b": String("abc"),
                "c": Bool(true),
                "d": Mapping {
                    "e": Number(456),
                    "f": String("def"),
                    "g": Bool(false),
                },
            },
            source: "a: 123\nb: abc\nc: true\nd:\n  e: 456\n  f: def\n  g: false\n",
        },
    },
}
